[stationarybikesgh.github.io/index.html]
[backblue.gif]
[fade.gif]
[index.html]
[donisco.xyz/wp-includes/css/dist/block-library/style.min9b30.css]
[donisco.xyz/wp-content/plugins/woocommerce/packages/woocommerce-blocks/build/wc-blocks-vendors-style71f0.css]
[donisco.xyz/wp-content/plugins/woocommerce/packages/woocommerce-blocks/build/wc-all-blocks-style71f0.css]
[donisco.xyz/wp-content/plugins/salert/assets/backend/css/animate9030.css]
[donisco.xyz/wp-content/plugins/salert/assets/frontend/css/style9b30.css]
[donisco.xyz/wp-content/plugins/woocommerce/assets/css/woocommerce-layout12c8.css]
[donisco.xyz/wp-content/plugins/woocommerce/assets/css/woocommerce-smallscreen12c8.css]
[donisco.xyz/wp-content/plugins/woocommerce/assets/css/twenty-twenty-one12c8.css]
[donisco.xyz/wp-content/themes/twentytwentyone/style4b1d.css]
[donisco.xyz/wp-content/themes/twentytwentyone/assets/css/print4b1d.css]
[donisco.xyz/wp-content/plugins/elementor/assets/lib/eicons/css/elementor-icons.min192d.css]
[donisco.xyz/wp-content/plugins/elementor/assets/css/frontend-lite.minafc7.css]
[donisco.xyz/wp-content/plugins/elementor/assets/lib/swiper/css/swiper.min48f5.css]
[donisco.xyz/wp-content/uploads/elementor/css/post-128461.css]
[donisco.xyz/wp-content/plugins/elementor-pro/assets/css/frontend-lite.min49eb.css]
[donisco.xyz/wp-content/uploads/elementor/css/global8461.css]
[donisco.xyz/wp-content/uploads/elementor/css/post-7747e68.css]
[donisco.xyz/wp-content/plugins/elementor/assets/lib/font-awesome/css/fontawesome.min52d5.css]
[donisco.xyz/wp-content/plugins/elementor/assets/lib/font-awesome/css/solid.min52d5.css]
[donisco.xyz/wp-includes/js/jquery/jquery.min3088.js]
[donisco.xyz/wp-includes/js/jquery/jquery-migrate.min5589.js]
[donisco.xyz/wp-content/plugins/salert/assets/frontend/js/main9030.js]
[connect.facebook.net/en_US/fbevents.js]
[donisco.xyz/wp-content/uploads/2023/09/WhatsApp-Image-2023-08-30-at-11.12.21-AM-2.jpg]
[donisco.xyz/wp-content/uploads/2023/09/WhatsApp-Image-2023-08-26-at-7.50.52-AM-1.jpg]
[donisco.xyz/wp-content/uploads/2023/09/WhatsApp-Image-2023-08-26-at-7.50.48-AM-1.jpg]
[donisco.xyz/wp-content/uploads/2023/09/WhatsApp-Image-2023-08-30-at-11.12.20-AM-2-1.jpg]
[donisco.xyz/wp-content/uploads/2023/09/MAIN-MAGE-1.png]
[donisco.xyz/wp-content/uploads/2023/09/WhatsApp-Image-2023-08-26-at-7.50.53-AM-1.jpg]
[donisco.xyz/wp-content/uploads/2023/02/Screenshot-2019-10-15-at-8.46.54-PM-1-1024x110.png]
[donisco.xyz/wp-content/uploads/2023/08/WhatsApp-Image-2023-08-26-at-7.50.50-AM.jpg]
[stationarybikesgh.github.io/Trident/index.html]
[donisco.xyz/wp-content/plugins/woocommerce/assets/js/jquery-blockui/jquery.blockUI.minf111.js]
[donisco.xyz/wp-content/plugins/woocommerce/assets/js/frontend/add-to-cart.min12c8.js]
[donisco.xyz/wp-content/plugins/woocommerce/assets/js/js-cookie/js.cookie.min956a.js]
[donisco.xyz/wp-content/plugins/woocommerce/assets/js/frontend/woocommerce.min12c8.js]
[donisco.xyz/wp-content/themes/twentytwentyone/assets/js/polyfills4b1d.js]
[donisco.xyz/wp-content/themes/twentytwentyone/assets/js/responsive-embeds4b1d.js]
[donisco.xyz/wp-content/plugins/elementor-pro/assets/js/webpack-pro.runtime.min49eb.js]
[donisco.xyz/wp-content/plugins/elementor/assets/js/webpack.runtime.minafc7.js]
[donisco.xyz/wp-content/plugins/elementor/assets/js/frontend-modules.minafc7.js]
[donisco.xyz/wp-content/plugins/elementor-pro/assets/js/frontend.min49eb.js]
[donisco.xyz/wp-content/plugins/elementor/assets/lib/waypoints/waypoints.min05da.js]
[donisco.xyz/wp-includes/js/jquery/ui/core.min3f14.js]
[donisco.xyz/wp-content/plugins/elementor/assets/js/frontend.minafc7.js]
[donisco.xyz/wp-content/plugins/elementor-pro/assets/js/elements-handlers.min49eb.js]
[stationarybikesgh.github.io/index.html]
[donisco.xyz/wp-includes/css/dist/block-library/style.min9b30.css]
[donisco.xyz/wp-content/plugins/woocommerce/packages/woocommerce-blocks/build/wc-blocks-vendors-style71f0.css]
[donisco.xyz/wp-content/plugins/woocommerce/packages/woocommerce-blocks/build/wc-all-blocks-style71f0.css]
[donisco.xyz/wp-content/plugins/salert/assets/backend/css/animate9030.css]
[donisco.xyz/wp-content/plugins/salert/assets/frontend/css/style9b30.css]
[donisco.xyz/wp-content/plugins/woocommerce/assets/css/woocommerce-layout12c8.css]
[donisco.xyz/wp-content/plugins/woocommerce/assets/css/woocommerce-smallscreen12c8.css]
[donisco.xyz/wp-content/plugins/woocommerce/assets/css/twenty-twenty-one12c8.css]
[donisco.xyz/wp-content/themes/twentytwentyone/style4b1d.css]
[donisco.xyz/wp-content/themes/twentytwentyone/assets/css/print4b1d.css]
[donisco.xyz/wp-content/plugins/elementor/assets/lib/eicons/css/elementor-icons.min192d.css]
[donisco.xyz/wp-content/plugins/elementor/assets/css/frontend-lite.minafc7.css]
[donisco.xyz/wp-content/plugins/elementor/assets/lib/swiper/css/swiper.min48f5.css]
[donisco.xyz/wp-content/uploads/elementor/css/post-128461.css]
[donisco.xyz/wp-content/plugins/elementor-pro/assets/css/frontend-lite.min49eb.css]
[donisco.xyz/wp-content/uploads/elementor/css/global8461.css]
[donisco.xyz/wp-content/uploads/elementor/css/post-7747e68.css]
[donisco.xyz/wp-content/plugins/elementor/assets/lib/font-awesome/css/fontawesome.min52d5.css]
[donisco.xyz/wp-content/plugins/elementor/assets/lib/font-awesome/css/solid.min52d5.css]
[stationarybikesgh.github.io/a.2e.delayed]
[stationarybikesgh.github.io/POST]
[stationarybikesgh.github.io/b.resolvedLink]
[stationarybikesgh.github.io/signals/iwl.js]
[connect.facebook.net/en_US/fbevents.js]
[stationarybikesgh.github.io/Trident/index.html]
[stationarybikesgh.github.io/a.html]
[stationarybikesgh.github.io/POST.html]
[stationarybikesgh.github.io/schema.org/index.html]
[stationarybikesgh.github.io/schema.org/index.html]
[stationarybikesgh.github.io/b.html]
[stationarybikesgh.github.io/signals/iwl.html]
